[INFO] [1790749807.977208391] [pp_waypoint_offboard]: PP waypoint offboard node started
[INFO] [1790749807.977719717] [pp_waypoint_offboard]: csv=/tmp/ofb_mission.csv (5 wps) alt=3.0m speed=1.5m/s lead=2.0m tol=0.3m
[INFO] [1790749807.978128291] [pp_waypoint_offboard]:   WP1: N   +2.72  E  -12.27  alt  3.00 m
[INFO] [1790749807.978497322] [pp_waypoint_offboard]:   WP2: N   +7.45  E  -16.84  alt  3.00 m
[INFO] [1790749807.978911256] [pp_waypoint_offboard]:   WP3: N  +19.01  E  -20.91  alt  3.00 m
[INFO] [1790749807.979331091] [pp_waypoint_offboard]:   WP4: N  +21.64  E  -25.99  alt  3.00 m
[INFO] [1790749807.979714588] [pp_waypoint_offboard]:   WP5: N  +33.70  E  -42.73  alt  3.00 m
[INFO] [1790749808.227224759] [pp_waypoint_offboard]: path length 57.8 m, 5 legs
[INFO] [1790749808.227975273] [pp_waypoint_offboard]: start: x=134.85 y=-170.93 z=-0.15 heading=140.0 deg
[INFO] [1790749810.127441237] [pp_waypoint_offboard]: State -> ARMING
[INFO] [1790749810.227781220] [pp_waypoint_offboard]: State -> TAKEOFF
[INFO] [1790749818.027323440] [pp_waypoint_offboard]: State -> FOLLOW
[INFO] [1790749826.627410159] [pp_waypoint_offboard]: carrot at WP1/5 (N +2.7 E -12.3 alt 3.0)
[INFO] [1790749831.028736638] [pp_waypoint_offboard]: carrot at WP2/5 (N +7.5 E -16.8 alt 3.0)
[INFO] [1790749839.227419303] [pp_waypoint_offboard]: carrot at WP3/5 (N +19.0 E -20.9 alt 3.0)
[INFO] [1790749843.027734348] [pp_waypoint_offboard]: carrot at WP4/5 (N +21.6 E -26.0 alt 3.0)
[INFO] [1790749856.828163945] [pp_waypoint_offboard]: carrot at WP5/5 (N +33.7 E -42.7 alt 3.0)
[INFO] [1790749857.727646841] [pp_waypoint_offboard]: State -> HOVER
[INFO] [1790749860.828178209] [pp_waypoint_offboard]: State -> LANDING
[INFO] [1790749869.027033735] [pp_waypoint_offboard]: landed and disarmed - mission complete
[INFO] [1790749869.027564839] [pp_waypoint_offboard]: State -> DONE
Traceback (most recent call last):
  File "/tmp/ofb_ws/src/position_offboard_test/position_offboard_test/pp_waypoint_offboard.py", line 371, in main
    rclpy.spin(node)
  File "/opt/ros/humble/local/lib/python3.10/dist-packages/rclpy/__init__.py", line 229, in spin
    executor.spin_once()
  File "/opt/ros/humble/local/lib/python3.10/dist-packages/rclpy/executors.py", line 808, in spin_once
    self._spin_once_impl(timeout_sec)
  File "/opt/ros/humble/local/lib/python3.10/dist-packages/rclpy/executors.py", line 797, in _spin_once_impl
    handler, entity, node = self.wait_for_ready_callbacks(timeout_sec=timeout_sec)
  File "/opt/ros/humble/local/lib/python3.10/dist-packages/rclpy/executors.py", line 780, in wait_for_ready_callbacks
    return next(self._cb_iter)
  File "/opt/ros/humble/local/lib/python3.10/dist-packages/rclpy/executors.py", line 681, in _wait_for_ready_callbacks
    raise ExternalShutdownException()
rclpy.executors.ExternalShutdownException

During handling of the above exception, another exception occurred:

Traceback (most recent call last):
  File "/tmp/ofb_ws/src/position_offboard_test/position_offboard_test/pp_waypoint_offboard.py", line 380, in <module>
    main()
  File "/tmp/ofb_ws/src/position_offboard_test/position_offboard_test/pp_waypoint_offboard.py", line 376, in main
    rclpy.shutdown()
  File "/opt/ros/humble/local/lib/python3.10/dist-packages/rclpy/__init__.py", line 130, in shutdown
    _shutdown(context=context)
  File "/opt/ros/humble/local/lib/python3.10/dist-packages/rclpy/utilities.py", line 58, in shutdown
    return context.shutdown()
  File "/opt/ros/humble/local/lib/python3.10/dist-packages/rclpy/context.py", line 102, in shutdown
    self.__context.shutdown()
rclpy._rclpy_pybind11.RCLError: failed to shutdown: rcl_shutdown already called on the given context, at ./src/rcl/init.c:241
